/bin/sh: node: command not found
/bin/sh: node: command not found
/bin/sh: node: command not found
/bin/sh: node: command not found

══════════════════════════════════════
 SEO DAILY — יום שלישי, 21 באפריל 2026
══════════════════════════════════════

📝 שלב 1: ייצור תוכן SEO...
[content-gen] מייצר מאמר: כמה עולה מסך LED לעסק? מחיר, גדלים ואפשרויות
[content-gen] נשמר: blog/כמה-עולה-מסך-LED-לעסק-מחיר-גדלים-ואפשרויות.html

🚀 שלב 2: פרסום ל-GitHub Pages...
fatal: could not read Username for 'https://github.com': Device not configured
[publisher] שגיאה בפרסום: Command failed: git push origin main
fatal: could not read Username for 'https://github.com': Device not configured


🔍 שלב 3: שליחה לאינדוקס...
[indexing] שולח 5 URLs לאינדוקס...
[indexing] Google Indexing API: לא מוגדר service account — מדלג
[indexing] להגדרה: ראה README.md → שלב 3
[indexing] Google Sitemap ping: סטטוס 404
[indexing] Bing IndexNow: שגיאה 202

══════════════════════════════════════
 סיכום יומי:
  ✅ תאריך: יום שלישי, 21 באפריל 2026
  ✅ מאמר: כמה עולה מסך LED לעסק? מחיר, גדלים ואפשרויות
  ✅ מילת מפתח: מסכי LED לעסקים
  ✅ קובץ: blog/כמה-עולה-מסך-LED-לעסק-מחיר-גדלים-ואפשרויות.html
  ✅ פורסם ל-GitHub Pages
  ✅ נשלח לאינדוקס Bing + Google Sitemap
══════════════════════════════════════


══════════════════════════════════════
 SEO DAILY — יום שלישי, 28 באפריל 2026
══════════════════════════════════════

📝 שלב 1: ייצור תוכן SEO...
[content-gen] מייצר מאמר: כמה עולה מסך LED לעסק? מחיר, גדלים ואפשרויות
[daily] שגיאה בייצור תוכן: fetch failed

🚀 שלב 2: פרסום ל-GitHub Pages...
fatal: unable to access 'https://github.com/nirsala/xvision-website.git/': Could not resolve host: github.com
[publisher] שגיאה בפרסום: Command failed: git push origin main
fatal: unable to access 'https://github.com/nirsala/xvision-website.git/': Could not resolve host: github.com


🔍 שלב 3: שליחה לאינדוקס...
[indexing] שולח 4 URLs לאינדוקס...
[indexing] Google Indexing API: לא מוגדר service account — מדלג
[indexing] להגדרה: ראה README.md → שלב 3
[indexing] Sitemap ping שגיאה: fetch failed
[indexing] Bing שגיאה: fetch failed

══════════════════════════════════════
 סיכום יומי:
  ✅ תאריך: יום שלישי, 28 באפריל 2026
  ✅ פורסם ל-GitHub Pages
  ✅ נשלח לאינדוקס Bing + Google Sitemap
══════════════════════════════════════


══════════════════════════════════════
 SEO DAILY — יום שבת, 2 במאי 2026
══════════════════════════════════════

📝 שלב 1: ייצור תוכן SEO...
[content-gen] מייצר מאמר: מסכי LED לאצטדיונים והיכלי ספורט בישראל
[daily] שגיאה בייצור תוכן: fetch failed

🚀 שלב 2: פרסום ל-GitHub Pages...
fatal: could not read Username for 'https://github.com': Device not configured
[publisher] שגיאה בפרסום: Command failed: git push origin main
fatal: could not read Username for 'https://github.com': Device not configured


🔍 שלב 3: שליחה לאינדוקס...
[indexing] שולח 4 URLs לאינדוקס...
[indexing] Google Indexing API: לא מוגדר service account — מדלג
[indexing] להגדרה: ראה README.md → שלב 3
[indexing] Bing IndexNow: שגיאה 202
[indexing] Google Sitemap ping: סטטוס 404

══════════════════════════════════════
 סיכום יומי:
  ✅ תאריך: יום שבת, 2 במאי 2026
  ✅ פורסם ל-GitHub Pages
  ✅ נשלח לאינדוקס Bing + Google Sitemap
══════════════════════════════════════


══════════════════════════════════════
 SEO DAILY — יום ראשון, 3 במאי 2026
══════════════════════════════════════

📝 שלב 1: ייצור תוכן SEO...
[content-gen] מייצר מאמר: מסך LED לבית פרטי — מדריך לבחירה נכונה
[daily] שגיאה בייצור תוכן: fetch failed

🚀 שלב 2: פרסום ל-GitHub Pages...
fatal: unable to access 'https://github.com/nirsala/xvision-website.git/': Could not resolve host: github.com
[publisher] שגיאה בפרסום: Command failed: git push origin main
fatal: unable to access 'https://github.com/nirsala/xvision-website.git/': Could not resolve host: github.com


🔍 שלב 3: שליחה לאינדוקס...
[indexing] שולח 4 URLs לאינדוקס...
[indexing] Google Indexing API: לא מוגדר service account — מדלג
[indexing] להגדרה: ראה README.md → שלב 3
[indexing] Sitemap ping שגיאה: fetch failed
[indexing] Bing שגיאה: fetch failed

══════════════════════════════════════
 סיכום יומי:
  ✅ תאריך: יום ראשון, 3 במאי 2026
  ✅ פורסם ל-GitHub Pages
  ✅ נשלח לאינדוקס Bing + Google Sitemap
══════════════════════════════════════


══════════════════════════════════════
 SEO DAILY — יום רביעי, 6 במאי 2026
══════════════════════════════════════

📝 שלב 1: ייצור תוכן SEO...
[content-gen] מייצר מאמר: מסכים לחדר ישיבות — המדריך המלא 2026
[daily] שגיאה בייצור תוכן: fetch failed

🚀 שלב 2: פרסום ל-GitHub Pages...
fatal: unable to access 'https://github.com/nirsala/xvision-website.git/': Could not resolve host: github.com
[publisher] שגיאה בפרסום: Command failed: git push origin main
fatal: unable to access 'https://github.com/nirsala/xvision-website.git/': Could not resolve host: github.com


🔍 שלב 3: שליחה לאינדוקס...
[indexing] שולח 4 URLs לאינדוקס...
[indexing] Google Indexing API: לא מוגדר service account — מדלג
[indexing] להגדרה: ראה README.md → שלב 3
[indexing] Sitemap ping שגיאה: fetch failed
[indexing] Bing שגיאה: fetch failed

══════════════════════════════════════
 סיכום יומי:
  ✅ תאריך: יום רביעי, 6 במאי 2026
  ✅ פורסם ל-GitHub Pages
  ✅ נשלח לאינדוקס Bing + Google Sitemap
══════════════════════════════════════


══════════════════════════════════════
 SEO DAILY — יום חמישי, 7 במאי 2026
══════════════════════════════════════

📝 שלב 1: ייצור תוכן SEO...
[content-gen] מייצר מאמר: מסכי LED לאולמות אירועים — השדרוג שכל אולם צריך
[daily] שגיאה בייצור תוכן: fetch failed

🚀 שלב 2: פרסום ל-GitHub Pages...
fatal: could not read Username for 'https://github.com': Device not configured
[publisher] שגיאה בפרסום: Command failed: git push origin main
fatal: could not read Username for 'https://github.com': Device not configured


🔍 שלב 3: שליחה לאינדוקס...
[indexing] שולח 4 URLs לאינדוקס...
[indexing] Google Indexing API: לא מוגדר service account — מדלג
[indexing] להגדרה: ראה README.md → שלב 3
[indexing] Google Sitemap ping: סטטוס 404
[indexing] Bing IndexNow: שגיאה 202

══════════════════════════════════════
 סיכום יומי:
  ✅ תאריך: יום חמישי, 7 במאי 2026
  ✅ פורסם ל-GitHub Pages
  ✅ נשלח לאינדוקס Bing + Google Sitemap
══════════════════════════════════════


══════════════════════════════════════
 SEO DAILY — יום ראשון, 10 במאי 2026
══════════════════════════════════════

📝 שלב 1: ייצור תוכן SEO...
[content-gen] מייצר מאמר: שלט לד לחניון — ניהול תנועה ופרסום חכם
[content-gen] sitemap עודכן
[content-gen] נשמר: blog/שלט-לד-לחניון-ניהול-תנועה-ופרסום-חכם.html

🚀 שלב 2: פרסום ל-GitHub Pages...
fatal: could not read Username for 'https://github.com': Device not configured
[publisher] שגיאה בפרסום: Command failed: git push origin main
fatal: could not read Username for 'https://github.com': Device not configured


🔍 שלב 3: שליחה לאינדוקס...
[indexing] שולח 5 URLs לאינדוקס...
[indexing] Google Indexing API: לא מוגדר service account — מדלג
[indexing] להגדרה: ראה README.md → שלב 3
[indexing] Bing IndexNow: שגיאה 202
[indexing] Google Sitemap ping: סטטוס 404

══════════════════════════════════════
 סיכום יומי:
  ✅ תאריך: יום ראשון, 10 במאי 2026
  ✅ מאמר: שלט לד לחניון — ניהול תנועה ופרסום חכם
  ✅ מילת מפתח: מסכי לד לחניון
  ✅ קובץ: blog/שלט-לד-לחניון-ניהול-תנועה-ופרסום-חכם.html
  ✅ פורסם ל-GitHub Pages
  ✅ נשלח לאינדוקס Bing + Google Sitemap
══════════════════════════════════════


══════════════════════════════════════
 SEO DAILY — יום שני, 11 במאי 2026
══════════════════════════════════════

📝 שלב 1: ייצור תוכן SEO...
[content-gen] מייצר מאמר: שלט LED לבית כנסת — זמני תפילה ועדכונים בקלות
[daily] שגיאה בייצור תוכן: fetch failed

🚀 שלב 2: פרסום ל-GitHub Pages...
fatal: could not read Username for 'https://github.com': Device not configured
[publisher] שגיאה בפרסום: Command failed: git push origin main
fatal: could not read Username for 'https://github.com': Device not configured


🔍 שלב 3: שליחה לאינדוקס...
[indexing] שולח 4 URLs לאינדוקס...
[indexing] Google Indexing API: לא מוגדר service account — מדלג
[indexing] להגדרה: ראה README.md → שלב 3
[indexing] Bing IndexNow: שגיאה 202
[indexing] Google Sitemap ping: סטטוס 404

══════════════════════════════════════
 סיכום יומי:
  ✅ תאריך: יום שני, 11 במאי 2026
  ✅ פורסם ל-GitHub Pages
  ✅ נשלח לאינדוקס Bing + Google Sitemap
══════════════════════════════════════


══════════════════════════════════════
 SEO DAILY — יום רביעי, 13 במאי 2026
══════════════════════════════════════

📝 שלב 1: ייצור תוכן SEO...
[content-gen] מייצר מאמר: מסכי LED לאצטדיונים והיכלי ספורט בישראל
[daily] שגיאה בייצור תוכן: fetch failed

🚀 שלב 2: פרסום ל-GitHub Pages...
