
blog/החזר-השקעה-roi-מסך-led-לעסק.html
blog/פרסום-חוצות-דיגיטלי-פרוגרמטי-dooh-2026-07-21.html
blog/מסך-led-בגשם-עמידות-למים-ודירוג-ip.html
blog/מסכי-led-לפארקים.html
blog/מסכי-led-לגני-אירועים.html
blog/מסכי-led-חוצות-outdoor-2026-07-13.html
blog/מסכי-led-לחנויות-אופנה-מומלץ-2026.html
blog/מסכי-led-לסופרמרקטים-מומלץ-2026.html
blog/pillar-xvision-2026.html
blog/מסכי-led-לקליניקות-ומרפאות-מומלץ-2026.html
blog/רשת-מדיה-קמעונאית-מסכי-led-2026-07-07.html
blog/מסכי-led-ai-מותאם-אישית-2026-07-06.html
blog/מסכי-led-לבנקים.html
blog/מסכי-led-תלת-ממד-אנמורפי-2026-07-05.html
blog/עלות-הפעלת-מסך-led-לעסק-חשמל-תחזוקה-2026.html
blog/מסכי-led-אינטראקטיביים-2026-06-28.html
blog/מסכי-led-ירושלים-מומלץ-2026.html
blog/מסכי-led-לבתי-ספר-מומלץ-2026.html
blog/מסכי-led-ראשון-לציון-מומלץ-2026.html
blog/מסכי-led-שקופים-מומלץ-2026.html
blog/מסכי-led-תל-אביב-מומלץ-2026.html
blog/תוכנה-לשילוט-דיגיטלי-מדריך-CMS-2026.html
blog/מסכי-בריכה-עמידים-לחוץ-המדריך-לבחירה.html
blog/מסכי-LED-לתחנות-דלק-שילוט-שעובד-בשמש-ובגשם.html
blog/מסכי-LED-לאולמות-אירועים-השדרוג-שכל-אולם-צריך.html
blog/מסכים-לחדר-ישיבות-המדריך-המלא-2026.html
blog/מסך-לובי-לבניינים-מומלץ-2026.html
blog/מסכי-led-גמישים-מומלץ-2026.html
blog/מסכי-led-לחדרי-כושר-מומלץ-2026.html
blog/מסכי-led-למלונות-מומלץ-2026.html
blog/מסכי-led-למסעדות-מומלץ-2026.html
blog/מסכי-led-למשרדים-מומלץ-2026.html
